
  .   ____          _            __ _ _
 /\\ / ___'_ __ _ _(_)_ __  __ _ \ \ \ \
( ( )\___ | '_ | '_| | '_ \/ _` | \ \ \ \
 \\/  ___)| |_)| | | | | || (_| |  ) ) ) )
  '  |____| .__|_| |_|_| |_\__, | / / / /
 =========|_|==============|___/=/_/_/_/

 :: Spring Boot ::                (v4.1.0)

2026-08-20T10:49:15.199+03:00  INFO 22500 --- [api-gateway] [           main] c.c.apigateway.ApiGatewayApplication     : Starting ApiGatewayApplication v0.0.1-SNAPSHOT using Java 21.0.9 with PID 22500 (C:\Users\deniz.aslan\IdeaProjects\microservices\api-gateway\target\api-gateway-0.0.1-SNAPSHOT.jar started by deniz.aslan in C:\Users\deniz.aslan\IdeaProjects\microservices\api-gateway)
2026-08-20T10:49:15.242+03:00  INFO 22500 --- [api-gateway] [           main] c.c.apigateway.ApiGatewayApplication     : No active profile set, falling back to 1 default profile: "default"
2026-08-20T10:49:16.974+03:00 TRACE 22500 --- [api-gateway] [           main] Configuration$OnVerboseDisabledCondition : Condition GatewayAutoConfiguration.OnVerboseDisabledCondition on org.springframework.cloud.gateway.config.GatewayAutoConfiguration$GatewayActuatorConfiguration#gatewayLegacyControllerEndpoint did not match due to NoneNestedConditions 1 matched 0 did not; NestedCondition on GatewayAutoConfiguration.OnVerboseDisabledCondition.VerboseDisabled @ConditionalOnProperty (spring.cloud.gateway.server.webflux.actuator.verbose.enabled) matched
2026-08-20T10:49:16.980+03:00 TRACE 22500 --- [api-gateway] [           main] es$NettyServerCustomizerEnabledCondition : Condition TrustedProxies.NettyServerCustomizerEnabledCondition on org.springframework.cloud.gateway.config.GatewayAutoConfiguration$NettyConfiguration#gatewayNettyServerCustomizer did not match due to AllNestedConditions 0 matched 2 did not; NestedCondition on TrustedProxies.NettyServerCustomizerEnabledCondition.OnTrustedProxiesNotEmpty spring.cloud.gateway.server.webflux.trusted-proxies property is not set or is empty.; NestedCondition on TrustedProxies.NettyServerCustomizerEnabledCondition.OnPropertyEnabled @ConditionalOnProperty (spring.cloud.gateway.server.webflux.httpserver.customizer-enabled) did not find property 'spring.cloud.gateway.server.webflux.httpserver.customizer-enabled'
2026-08-20T10:49:16.998+03:00 TRACE 22500 --- [api-gateway] [           main] o.s.c.g.c.c.OnEnabledGlobalFilter        : Condition OnEnabledGlobalFilter on org.springframework.cloud.gateway.config.GatewayAutoConfiguration$NettyConfiguration#routingFilter matched
2026-08-20T10:49:16.999+03:00 TRACE 22500 --- [api-gateway] [           main] o.s.c.g.c.c.OnEnabledGlobalFilter        : Condition OnEnabledGlobalFilter on org.springframework.cloud.gateway.config.GatewayAutoConfiguration$NettyConfiguration#nettyWriteResponseFilter matched
2026-08-20T10:49:17.001+03:00 TRACE 22500 --- [api-gateway] [           main] o.s.c.g.c.c.OnEnabledGlobalFilter        : Condition OnEnabledGlobalFilter on org.springframework.cloud.gateway.config.GatewayAutoConfiguration$NettyConfiguration#reactorNettyWebSocketClient matched
2026-08-20T10:49:17.002+03:00 TRACE 22500 --- [api-gateway] [           main] o.s.c.g.c.c.OnEnabledGlobalFilter        : Condition OnEnabledGlobalFilter on org.springframework.cloud.gateway.config.GatewayAutoConfiguration$NettyConfiguration#reactorNettyRequestUpgradeStrategy matched
2026-08-20T10:49:17.044+03:00 TRACE 22500 --- [api-gateway] [           main] Proxies$ForwardedTrustedProxiesCondition : Condition TrustedProxies.ForwardedTrustedProxiesCondition on org.springframework.cloud.gateway.config.GatewayAutoConfiguration#forwardedHeadersFilter did not match due to AllNestedConditions 1 matched 1 did not; NestedCondition on TrustedProxies.ForwardedTrustedProxiesCondition.OnTrustedProxiesNotEmpty spring.cloud.gateway.server.webflux.trusted-proxies property is not set or is empty.; NestedCondition on TrustedProxies.ForwardedTrustedProxiesCondition.OnPropertyEnabled @ConditionalOnProperty (spring.cloud.gateway.server.webflux.forwarded.enabled) matched
2026-08-20T10:49:17.048+03:00 TRACE 22500 --- [api-gateway] [           main] xies$NotForwardedTrustedProxiesCondition : Condition TrustedProxies.NotForwardedTrustedProxiesCondition on org.springframework.cloud.gateway.config.GatewayAutoConfiguration#removeForwardedHeadersFilter matched due to NoneNestedConditions 0 matched 1 did not; NestedCondition on TrustedProxies.NotForwardedTrustedProxiesCondition.OnForwardedTrustedProxiesCondition AllNestedConditions 1 matched 1 did not; NestedCondition on TrustedProxies.ForwardedTrustedProxiesCondition.OnTrustedProxiesNotEmpty spring.cloud.gateway.server.webflux.trusted-proxies property is not set or is empty.; NestedCondition on TrustedProxies.ForwardedTrustedProxiesCondition.OnPropertyEnabled @ConditionalOnProperty (spring.cloud.gateway.server.webflux.forwarded.enabled) matched
2026-08-20T10:49:17.052+03:00 TRACE 22500 --- [api-gateway] [           main] roxies$XForwardedTrustedProxiesCondition : Condition TrustedProxies.XForwardedTrustedProxiesCondition on org.springframework.cloud.gateway.config.GatewayAutoConfiguration#xForwardedHeadersFilter did not match due to AllNestedConditions 1 matched 1 did not; NestedCondition on TrustedProxies.XForwardedTrustedProxiesCondition.OnTrustedProxiesNotEmpty spring.cloud.gateway.server.webflux.trusted-proxies property is not set or is empty.; NestedCondition on TrustedProxies.XForwardedTrustedProxiesCondition.OnPropertyEnabled @ConditionalOnProperty (spring.cloud.gateway.server.webflux.x-forwarded.enabled) matched
2026-08-20T10:49:17.054+03:00 TRACE 22500 --- [api-gateway] [           main] ies$NotXForwardedTrustedProxiesCondition : Condition TrustedProxies.NotXForwardedTrustedProxiesCondition on org.springframework.cloud.gateway.config.GatewayAutoConfiguration#removeXForwardedHeadersFilter matched due to NoneNestedConditions 0 matched 1 did not; NestedCondition on TrustedProxies.NotXForwardedTrustedProxiesCondition.OnXForwardedTrustedProxiesCondition AllNestedConditions 1 matched 1 did not; NestedCondition on TrustedProxies.XForwardedTrustedProxiesCondition.OnTrustedProxiesNotEmpty spring.cloud.gateway.server.webflux.trusted-proxies property is not set or is empty.; NestedCondition on TrustedProxies.XForwardedTrustedProxiesCondition.OnPropertyEnabled @ConditionalOnProperty (spring.cloud.gateway.server.webflux.x-forwarded.enabled) matched
2026-08-20T10:49:17.061+03:00 TRACE 22500 --- [api-gateway] [           main] o.s.c.g.c.c.OnEnabledGlobalFilter        : Condition OnEnabledGlobalFilter on org.springframework.cloud.gateway.config.GatewayAutoConfiguration#adaptCachedBodyGlobalFilter matched
2026-08-20T10:49:17.062+03:00 TRACE 22500 --- [api-gateway] [           main] o.s.c.g.c.c.OnEnabledGlobalFilter        : Condition OnEnabledGlobalFilter on org.springframework.cloud.gateway.config.GatewayAutoConfiguration#removeCachedBodyFilter matched
2026-08-20T10:49:17.063+03:00 TRACE 22500 --- [api-gateway] [           main] o.s.c.g.c.c.OnEnabledGlobalFilter        : Condition OnEnabledGlobalFilter on org.springframework.cloud.gateway.config.GatewayAutoConfiguration#routeToRequestUrlFilter matched
2026-08-20T10:49:17.065+03:00 TRACE 22500 --- [api-gateway] [           main] o.s.c.g.c.c.OnEnabledGlobalFilter        : Condition OnEnabledGlobalFilter on org.springframework.cloud.gateway.config.GatewayAutoConfiguration#forwardRoutingFilter matched
2026-08-20T10:49:17.066+03:00 TRACE 22500 --- [api-gateway] [           main] o.s.c.g.c.c.OnEnabledGlobalFilter        : Condition OnEnabledGlobalFilter on org.springframework.cloud.gateway.config.GatewayAutoConfiguration#forwardPathFilter matched
2026-08-20T10:49:17.067+03:00 TRACE 22500 --- [api-gateway] [           main] o.s.c.g.c.c.OnEnabledGlobalFilter        : Condition OnEnabledGlobalFilter on org.springframework.cloud.gateway.config.GatewayAutoConfiguration#webSocketService matched
2026-08-20T10:49:17.068+03:00 TRACE 22500 --- [api-gateway] [           main] o.s.c.g.c.c.OnEnabledGlobalFilter        : Condition OnEnabledGlobalFilter on org.springframework.cloud.gateway.config.GatewayAutoConfiguration#websocketRoutingFilter matched
2026-08-20T10:49:17.070+03:00 TRACE 22500 --- [api-gateway] [           main] o.s.c.g.c.c.OnEnabledPredicate           : Condition OnEnabledPredicate on org.springframework.cloud.gateway.config.GatewayAutoConfiguration#weightCalculatorWebFilter matched
2026-08-20T10:49:17.072+03:00 TRACE 22500 --- [api-gateway] [           main] o.s.c.g.c.c.OnEnabledPredicate           : Condition OnEnabledPredicate on org.springframework.cloud.gateway.config.GatewayAutoConfiguration#afterRoutePredicateFactory matched
2026-08-20T10:49:17.072+03:00 TRACE 22500 --- [api-gateway] [           main] o.s.c.g.c.c.OnEnabledPredicate           : Condition OnEnabledPredicate on org.springframework.cloud.gateway.config.GatewayAutoConfiguration#beforeRoutePredicateFactory matched
2026-08-20T10:49:17.074+03:00 TRACE 22500 --- [api-gateway] [           main] o.s.c.g.c.c.OnEnabledPredicate           : Condition OnEnabledPredicate on org.springframework.cloud.gateway.config.GatewayAutoConfiguration#betweenRoutePredicateFactory matched
2026-08-20T10:49:17.075+03:00 TRACE 22500 --- [api-gateway] [           main] o.s.c.g.c.c.OnEnabledPredicate           : Condition OnEnabledPredicate on org.springframework.cloud.gateway.config.GatewayAutoConfiguration#cookieRoutePredicateFactory matched
2026-08-20T10:49:17.076+03:00 TRACE 22500 --- [api-gateway] [           main] o.s.c.g.c.c.OnEnabledPredicate           : Condition OnEnabledPredicate on org.springframework.cloud.gateway.config.GatewayAutoConfiguration#headerRoutePredicateFactory matched
2026-08-20T10:49:17.078+03:00 TRACE 22500 --- [api-gateway] [           main] o.s.c.g.c.c.OnEnabledPredicate           : Condition OnEnabledPredicate on org.springframework.cloud.gateway.config.GatewayAutoConfiguration#hostRoutePredicateFactory matched
2026-08-20T10:49:17.079+03:00 TRACE 22500 --- [api-gateway] [           main] o.s.c.g.c.c.OnEnabledPredicate           : Condition OnEnabledPredicate on org.springframework.cloud.gateway.config.GatewayAutoConfiguration#methodRoutePredicateFactory matched
2026-08-20T10:49:17.080+03:00 TRACE 22500 --- [api-gateway] [           main] o.s.c.g.c.c.OnEnabledPredicate           : Condition OnEnabledPredicate on org.springframework.cloud.gateway.config.GatewayAutoConfiguration#pathRoutePredicateFactory matched
2026-08-20T10:49:17.081+03:00 TRACE 22500 --- [api-gateway] [           main] o.s.c.g.c.c.OnEnabledPredicate           : Condition OnEnabledPredicate on org.springframework.cloud.gateway.config.GatewayAutoConfiguration#queryRoutePredicateFactory matched
2026-08-20T10:49:17.082+03:00 TRACE 22500 --- [api-gateway] [           main] o.s.c.g.c.c.OnEnabledPredicate           : Condition OnEnabledPredicate on org.springframework.cloud.gateway.config.GatewayAutoConfiguration#readBodyPredicateFactory matched
2026-08-20T10:49:17.084+03:00 TRACE 22500 --- [api-gateway] [           main] o.s.c.g.c.c.OnEnabledPredicate           : Condition OnEnabledPredicate on org.springframework.cloud.gateway.config.GatewayAutoConfiguration#remoteAddrRoutePredicateFactory matched
2026-08-20T10:49:17.085+03:00 TRACE 22500 --- [api-gateway] [           main] o.s.c.g.c.c.OnEnabledPredicate           : Condition OnEnabledPredicate on org.springframework.cloud.gateway.config.GatewayAutoConfiguration#versionRoutePredicateFactory matched
2026-08-20T10:49:17.087+03:00 TRACE 22500 --- [api-gateway] [           main] o.s.c.g.c.c.OnEnabledPredicate           : Condition OnEnabledPredicate on org.springframework.cloud.gateway.config.GatewayAutoConfiguration#xForwardedRemoteAddrRoutePredicateFactory matched
2026-08-20T10:49:17.088+03:00 TRACE 22500 --- [api-gateway] [           main] o.s.c.g.c.c.OnEnabledPredicate           : Condition OnEnabledPredicate on org.springframework.cloud.gateway.config.GatewayAutoConfiguration#weightRoutePredicateFactory matched
2026-08-20T10:49:17.090+03:00 TRACE 22500 --- [api-gateway] [           main] o.s.c.g.c.c.OnEnabledPredicate           : Condition OnEnabledPredicate on org.springframework.cloud.gateway.config.GatewayAutoConfiguration#cloudFoundryRouteServiceRoutePredicateFactory matched
2026-08-20T10:49:17.093+03:00 TRACE 22500 --- [api-gateway] [           main] o.s.c.g.c.conditional.OnEnabledFilter    : Condition OnEnabledFilter on org.springframework.cloud.gateway.config.GatewayAutoConfiguration#addRequestHeaderGatewayFilterFactory matched
2026-08-20T10:49:17.095+03:00 TRACE 22500 --- [api-gateway] [           main] o.s.c.g.c.conditional.OnEnabledFilter    : Condition OnEnabledFilter on org.springframework.cloud.gateway.config.GatewayAutoConfiguration#addRequestHeadersIfNotPresentGatewayFilterFactory matched
2026-08-20T10:49:17.097+03:00 TRACE 22500 --- [api-gateway] [           main] o.s.c.g.c.conditional.OnEnabledFilter    : Condition OnEnabledFilter on org.springframework.cloud.gateway.config.GatewayAutoConfiguration#mapRequestHeaderGatewayFilterFactory matched
2026-08-20T10:49:17.098+03:00 TRACE 22500 --- [api-gateway] [           main] o.s.c.g.c.conditional.OnEnabledFilter    : Condition OnEnabledFilter on org.springframework.cloud.gateway.config.GatewayAutoConfiguration#addRequestParameterGatewayFilterFactory matched
2026-08-20T10:49:17.100+03:00 TRACE 22500 --- [api-gateway] [           main] o.s.c.g.c.conditional.OnEnabledFilter    : Condition OnEnabledFilter on org.springframework.cloud.gateway.config.GatewayAutoConfiguration#addResponseHeaderGatewayFilterFactory matched
2026-08-20T10:49:17.102+03:00 TRACE 22500 --- [api-gateway] [           main] o.s.c.g.c.conditional.OnEnabledFilter    : Condition OnEnabledFilter on org.springframework.cloud.gateway.config.GatewayAutoConfiguration#modifyRequestBodyGatewayFilterFactory matched
2026-08-20T10:49:17.104+03:00 TRACE 22500 --- [api-gateway] [           main] o.s.c.g.c.conditional.OnEnabledFilter    : Condition OnEnabledFilter on org.springframework.cloud.gateway.config.GatewayAutoConfiguration#dedupeResponseHeaderGatewayFilterFactory matched
2026-08-20T10:49:17.106+03:00 TRACE 22500 --- [api-gateway] [           main] o.s.c.g.c.conditional.OnEnabledFilter    : Condition OnEnabledFilter on org.springframework.cloud.gateway.config.GatewayAutoConfiguration#modifyResponseBodyGatewayFilterFactory matched
2026-08-20T10:49:17.107+03:00 TRACE 22500 --- [api-gateway] [           main] o.s.c.g.c.conditional.OnEnabledFilter    : Condition OnEnabledFilter on org.springframework.cloud.gateway.config.GatewayAutoConfiguration#cacheRequestBodyGatewayFilterFactory matched
2026-08-20T10:49:17.109+03:00 TRACE 22500 --- [api-gateway] [           main] o.s.c.g.c.conditional.OnEnabledFilter    : Condition OnEnabledFilter on org.springframework.cloud.gateway.config.GatewayAutoConfiguration#prefixPathGatewayFilterFactory matched
2026-08-20T10:49:17.112+03:00 TRACE 22500 --- [api-gateway] [           main] o.s.c.g.c.conditional.OnEnabledFilter    : Condition OnEnabledFilter on org.springframework.cloud.gateway.config.GatewayAutoConfiguration#preserveHostHeaderGatewayFilterFactory matched
2026-08-20T10:49:17.113+03:00 TRACE 22500 --- [api-gateway] [           main] o.s.c.g.c.conditional.OnEnabledFilter    : Condition OnEnabledFilter on org.springframework.cloud.gateway.config.GatewayAutoConfiguration#redirectToGatewayFilterFactory matched
2026-08-20T10:49:17.115+03:00 TRACE 22500 --- [api-gateway] [           main] o.s.c.g.c.conditional.OnEnabledFilter    : Condition OnEnabledFilter on org.springframework.cloud.gateway.config.GatewayAutoConfiguration#removeJsonAttributesResponseBodyGatewayFilterFactory matched
2026-08-20T10:49:17.116+03:00 TRACE 22500 --- [api-gateway] [           main] o.s.c.g.c.conditional.OnEnabledFilter    : Condition OnEnabledFilter on org.springframework.cloud.gateway.config.GatewayAutoConfiguration#removeRequestHeaderGatewayFilterFactory matched
2026-08-20T10:49:17.117+03:00 TRACE 22500 --- [api-gateway] [           main] o.s.c.g.c.conditional.OnEnabledFilter    : Condition OnEnabledFilter on org.springframework.cloud.gateway.config.GatewayAutoConfiguration#removeRequestParameterGatewayFilterFactory matched
2026-08-20T10:49:17.118+03:00 TRACE 22500 --- [api-gateway] [           main] o.s.c.g.c.conditional.OnEnabledFilter    : Condition OnEnabledFilter on org.springframework.cloud.gateway.config.GatewayAutoConfiguration#removeResponseHeaderGatewayFilterFactory matched
2026-08-20T10:49:17.136+03:00 TRACE 22500 --- [api-gateway] [           main] o.s.c.g.c.conditional.OnEnabledFilter    : Condition OnEnabledFilter on org.springframework.cloud.gateway.config.GatewayAutoConfiguration#requestRateLimiterGatewayFilterFactory matched
2026-08-20T10:49:17.138+03:00 TRACE 22500 --- [api-gateway] [           main] o.s.c.g.c.conditional.OnEnabledFilter    : Condition OnEnabledFilter on org.springframework.cloud.gateway.config.GatewayAutoConfiguration#rewritePathGatewayFilterFactory matched
2026-08-20T10:49:17.139+03:00 TRACE 22500 --- [api-gateway] [           main] o.s.c.g.c.conditional.OnEnabledFilter    : Condition OnEnabledFilter on org.springframework.cloud.gateway.config.GatewayAutoConfiguration#retryGatewayFilterFactory matched
2026-08-20T10:49:17.140+03:00 TRACE 22500 --- [api-gateway] [           main] o.s.c.g.c.conditional.OnEnabledFilter    : Condition OnEnabledFilter on org.springframework.cloud.gateway.config.GatewayAutoConfiguration#setPathGatewayFilterFactory matched
2026-08-20T10:49:17.141+03:00 TRACE 22500 --- [api-gateway] [           main] o.s.c.g.c.conditional.OnEnabledFilter    : Condition OnEnabledFilter on org.springframework.cloud.gateway.config.GatewayAutoConfiguration#secureHeadersGatewayFilterFactory matched
2026-08-20T10:49:17.143+03:00 TRACE 22500 --- [api-gateway] [           main] o.s.c.g.c.conditional.OnEnabledFilter    : Condition OnEnabledFilter on org.springframework.cloud.gateway.config.GatewayAutoConfiguration#setRequestHeaderGatewayFilterFactory matched
2026-08-20T10:49:17.144+03:00 TRACE 22500 --- [api-gateway] [           main] o.s.c.g.c.conditional.OnEnabledFilter    : Condition OnEnabledFilter on org.springframework.cloud.gateway.config.GatewayAutoConfiguration#setRequestHostHeaderGatewayFilterFactory matched
2026-08-20T10:49:17.145+03:00 TRACE 22500 --- [api-gateway] [           main] o.s.c.g.c.conditional.OnEnabledFilter    : Condition OnEnabledFilter on org.springframework.cloud.gateway.config.GatewayAutoConfiguration#setResponseHeaderGatewayFilterFactory matched
2026-08-20T10:49:17.146+03:00 TRACE 22500 --- [api-gateway] [           main] o.s.c.g.c.conditional.OnEnabledFilter    : Condition OnEnabledFilter on org.springframework.cloud.gateway.config.GatewayAutoConfiguration#rewriteResponseHeaderGatewayFilterFactory matched
2026-08-20T10:49:17.147+03:00 TRACE 22500 --- [api-gateway] [           main] o.s.c.g.c.conditional.OnEnabledFilter    : Condition OnEnabledFilter on org.springframework.cloud.gateway.config.GatewayAutoConfiguration#rewriteLocationResponseHeaderGatewayFilterFactory matched
2026-08-20T10:49:17.148+03:00 TRACE 22500 --- [api-gateway] [           main] o.s.c.g.c.conditional.OnEnabledFilter    : Condition OnEnabledFilter on org.springframework.cloud.gateway.config.GatewayAutoConfiguration#setStatusGatewayFilterFactory matched
2026-08-20T10:49:17.150+03:00 TRACE 22500 --- [api-gateway] [           main] o.s.c.g.c.conditional.OnEnabledFilter    : Condition OnEnabledFilter on org.springframework.cloud.gateway.config.GatewayAutoConfiguration#saveSessionGatewayFilterFactory matched
2026-08-20T10:49:17.151+03:00 TRACE 22500 --- [api-gateway] [           main] o.s.c.g.c.conditional.OnEnabledFilter    : Condition OnEnabledFilter on org.springframework.cloud.gateway.config.GatewayAutoConfiguration#stripPrefixGatewayFilterFactory matched
2026-08-20T10:49:17.153+03:00 TRACE 22500 --- [api-gateway] [           main] o.s.c.g.c.conditional.OnEnabledFilter    : Condition OnEnabledFilter on org.springframework.cloud.gateway.config.GatewayAutoConfiguration#requestHeaderToRequestUriGatewayFilterFactory matched
2026-08-20T10:49:17.154+03:00 TRACE 22500 --- [api-gateway] [           main] o.s.c.g.c.conditional.OnEnabledFilter    : Condition OnEnabledFilter on org.springframework.cloud.gateway.config.GatewayAutoConfiguration#setRequestUriGatewayFilterFactory matched
2026-08-20T10:49:17.155+03:00 TRACE 22500 --- [api-gateway] [           main] o.s.c.g.c.conditional.OnEnabledFilter    : Condition OnEnabledFilter on org.springframework.cloud.gateway.config.GatewayAutoConfiguration#requestSizeGatewayFilterFactory matched
2026-08-20T10:49:17.156+03:00 TRACE 22500 --- [api-gateway] [           main] o.s.c.g.c.conditional.OnEnabledFilter    : Condition OnEnabledFilter on org.springframework.cloud.gateway.config.GatewayAutoConfiguration#requestHeaderSizeGatewayFilterFactory matched
2026-08-20T10:49:17.157+03:00 TRACE 22500 --- [api-gateway] [           main] o.s.c.g.c.conditional.OnEnabledFilter    : Condition OnEnabledFilter on org.springframework.cloud.gateway.config.GatewayAutoConfiguration#rewriteRequestParameterGatewayFilterFactory matched
2026-08-20T10:49:17.576+03:00  INFO 22500 --- [api-gateway] [           main] .s.d.r.c.RepositoryConfigurationDelegate : Multiple Spring Data modules found, entering strict repository configuration mode
2026-08-20T10:49:17.581+03:00  INFO 22500 --- [api-gateway] [           main] .s.d.r.c.RepositoryConfigurationDelegate : Bootstrapping Spring Data Redis repositories in DEFAULT mode.
2026-08-20T10:49:17.647+03:00  INFO 22500 --- [api-gateway] [           main] .s.d.r.c.RepositoryConfigurationDelegate : Finished Spring Data repository scanning in 15 ms. Found 0 Redis repository interfaces.
2026-08-20T10:49:18.192+03:00  INFO 22500 --- [api-gateway] [           main] o.s.cloud.context.scope.GenericScope     : BeanFactory id=2d1a6dd0-6409-340a-ae9f-d167d393a273
2026-08-20T10:49:21.730+03:00 DEBUG 22500 --- [api-gateway] [           main] o.s.c.gateway.config.GatewayProperties   : Routes supplied from Gateway Properties: [RouteDefinition{id='code-service', predicates=[PredicateDefinition{name='Path', args={_genkey_0=/api/v1/**}}], filters=[], uri=http://localhost:8084, order=0, metadata={}, enabled=true}]
2026-08-20T10:49:21.757+03:00  WARN 22500 --- [api-gateway] [           main] o.h.v.i.m.a.CascadingMetaDataBuilder     : HV000271: Using `@Valid` on a container (java.util.List) is deprecated. You should apply the annotation on the type argument(s). Affected element: routes
2026-08-20T10:49:21.972+03:00  WARN 22500 --- [api-gateway] [           main] o.h.v.i.m.a.CascadingMetaDataBuilder     : HV000271: Using `@Valid` on a container (java.util.List) is deprecated. You should apply the annotation on the type argument(s). Affected element: predicates
2026-08-20T10:49:21.975+03:00  WARN 22500 --- [api-gateway] [           main] o.h.v.i.m.a.CascadingMetaDataBuilder     : HV000271: Using `@Valid` on a container (java.util.List) is deprecated. You should apply the annotation on the type argument(s). Affected element: filters
2026-08-20T10:49:22.317+03:00  INFO 22500 --- [api-gateway] [           main] o.s.c.g.r.RouteDefinitionRouteLocator    : Loaded RoutePredicateFactory [After]
2026-08-20T10:49:22.319+03:00  INFO 22500 --- [api-gateway] [           main] o.s.c.g.r.RouteDefinitionRouteLocator    : Loaded RoutePredicateFactory [Before]
2026-08-20T10:49:22.319+03:00  INFO 22500 --- [api-gateway] [           main] o.s.c.g.r.RouteDefinitionRouteLocator    : Loaded RoutePredicateFactory [Between]
2026-08-20T10:49:22.320+03:00  INFO 22500 --- [api-gateway] [           main] o.s.c.g.r.RouteDefinitionRouteLocator    : Loaded RoutePredicateFactory [Cookie]
2026-08-20T10:49:22.321+03:00  INFO 22500 --- [api-gateway] [           main] o.s.c.g.r.RouteDefinitionRouteLocator    : Loaded RoutePredicateFactory [Header]
2026-08-20T10:49:22.323+03:00  INFO 22500 --- [api-gateway] [           main] o.s.c.g.r.RouteDefinitionRouteLocator    : Loaded RoutePredicateFactory [Host]
2026-08-20T10:49:22.323+03:00  INFO 22500 --- [api-gateway] [           main] o.s.c.g.r.RouteDefinitionRouteLocator    : Loaded RoutePredicateFactory [Method]
2026-08-20T10:49:22.324+03:00  INFO 22500 --- [api-gateway] [           main] o.s.c.g.r.RouteDefinitionRouteLocator    : Loaded RoutePredicateFactory [Path]
2026-08-20T10:49:22.325+03:00  INFO 22500 --- [api-gateway] [           main] o.s.c.g.r.RouteDefinitionRouteLocator    : Loaded RoutePredicateFactory [Query]
2026-08-20T10:49:22.327+03:00  INFO 22500 --- [api-gateway] [           main] o.s.c.g.r.RouteDefinitionRouteLocator    : Loaded RoutePredicateFactory [ReadBody]
2026-08-20T10:49:22.327+03:00  INFO 22500 --- [api-gateway] [           main] o.s.c.g.r.RouteDefinitionRouteLocator    : Loaded RoutePredicateFactory [RemoteAddr]
2026-08-20T10:49:22.328+03:00  INFO 22500 --- [api-gateway] [           main] o.s.c.g.r.RouteDefinitionRouteLocator    : Loaded RoutePredicateFactory [Version]
2026-08-20T10:49:22.329+03:00  INFO 22500 --- [api-gateway] [           main] o.s.c.g.r.RouteDefinitionRouteLocator    : Loaded RoutePredicateFactory [XForwardedRemoteAddr]
2026-08-20T10:49:22.331+03:00  INFO 22500 --- [api-gateway] [           main] o.s.c.g.r.RouteDefinitionRouteLocator    : Loaded RoutePredicateFactory [Weight]
2026-08-20T10:49:22.331+03:00  INFO 22500 --- [api-gateway] [           main] o.s.c.g.r.RouteDefinitionRouteLocator    : Loaded RoutePredicateFactory [CloudFoundryRouteService]
2026-08-20T10:49:23.342+03:00  INFO 22500 --- [api-gateway] [           main] o.s.b.a.e.web.EndpointLinksResolver      : Exposing 1 endpoint beneath base path '/actuator'
2026-08-20T10:49:25.039+03:00  INFO 22500 --- [api-gateway] [           main] o.s.boot.reactor.netty.NettyWebServer    : Netty started on port 8080 (http)
2026-08-20T10:49:25.108+03:00 DEBUG 22500 --- [api-gateway] [           main] o.s.d.r.l.RedisMessageListenerContainer  : Starting RedisMessageListenerContainer...
2026-08-20T10:49:25.110+03:00 DEBUG 22500 --- [api-gateway] [           main] o.s.d.r.l.RedisMessageListenerContainer  : Postpone listening for Redis messages until actual listeners are added
2026-08-20T10:49:25.178+03:00 DEBUG 22500 --- [api-gateway] [           main] o.s.c.g.r.RouteDefinitionRouteLocator    : RouteDefinition code-service applying {_genkey_0=/api/v1/**} to Path
2026-08-20T10:49:25.242+03:00 DEBUG 22500 --- [api-gateway] [           main] o.s.c.g.r.RouteDefinitionRouteLocator    : RouteDefinition matched: code-service
2026-08-20T10:49:25.258+03:00 DEBUG 22500 --- [api-gateway] [           main] o.s.c.g.filter.GatewayMetricsFilter      : New routes count: 1
2026-08-20T10:49:25.266+03:00  INFO 22500 --- [api-gateway] [           main] c.c.apigateway.ApiGatewayApplication     : Started ApiGatewayApplication in 11.238 seconds (process running for 12.454)
2026-08-20T11:00:45.286+03:00 TRACE 22500 --- [api-gateway] [ctor-http-nio-2] o.s.c.g.f.WeightCalculatorWebFilter      : Weights attr: {}
2026-08-20T11:01:10.442+03:00 TRACE 22500 --- [api-gateway] [ctor-http-nio-3] o.s.c.g.f.WeightCalculatorWebFilter      : Weights attr: {}
2026-08-20T11:01:18.571+03:00 TRACE 22500 --- [api-gateway] [ctor-http-nio-4] o.s.c.g.f.WeightCalculatorWebFilter      : Weights attr: {}
2026-08-20T11:01:18.604+03:00 TRACE 22500 --- [api-gateway] [ctor-http-nio-4] o.s.c.g.h.p.PathRoutePredicateFactory    : Pattern "/api/v1/**" matches against value "/api/v1/analyze"
2026-08-20T11:01:18.605+03:00 DEBUG 22500 --- [api-gateway] [ctor-http-nio-4] o.s.c.g.h.RoutePredicateHandlerMapping   : Route matched: code-service
2026-08-20T11:01:18.606+03:00 DEBUG 22500 --- [api-gateway] [ctor-http-nio-4] o.s.c.g.h.RoutePredicateHandlerMapping   : Mapping [Exchange: POST http://localhost:8080/api/v1/analyze] to Route{id='code-service', uri=http://localhost:8084, order=0, predicate=(RouteDefinitionRouteLocator$$Lambda/0x00000294cf716950 && Paths: [/api/v1/**], match trailing slash: true), gatewayFilters=[], metadata={}}
2026-08-20T11:01:18.607+03:00 DEBUG 22500 --- [api-gateway] [ctor-http-nio-4] o.s.c.g.h.RoutePredicateHandlerMapping   : [100de517-3] Mapped to org.springframework.cloud.gateway.handler.FilteringWebHandler@1255de25
2026-08-20T11:01:18.608+03:00 DEBUG 22500 --- [api-gateway] [ctor-http-nio-4] o.s.c.g.handler.FilteringWebHandler      : Sorted gatewayFilterFactories: [[GatewayFilterAdapter{delegate=com.codementor.apigateway.filter.RequestRateLimitingFilter@74830d73}, order = -2147483648], [GatewayFilterAdapter{delegate=org.springframework.cloud.gateway.filter.RemoveCachedBodyFilter@2faf6e4a}, order = -2147483648], [GatewayFilterAdapter{delegate=org.springframework.cloud.gateway.filter.AdaptCachedBodyGlobalFilter@431babe6}, order = -2147482648], [GatewayFilterAdapter{delegate=org.springframework.cloud.gateway.filter.NettyWriteResponseFilter@4c41a177}, order = -1], [GatewayFilterAdapter{delegate=org.springframework.cloud.gateway.filter.ForwardPathFilter@25421809}, order = 0], [GatewayFilterAdapter{delegate=org.springframework.cloud.gateway.filter.GatewayMetricsFilter@6ac9b66b}, order = 0], [GatewayFilterAdapter{delegate=org.springframework.cloud.gateway.filter.RouteToRequestUrlFilter@43ab0659}, order = 10000], [GatewayFilterAdapter{delegate=org.springframework.cloud.gateway.config.GatewayNoLoadBalancerClientAutoConfiguration$NoLoadBalancerClientFilter@4491eaeb}, order = 10150], [GatewayFilterAdapter{delegate=org.springframework.cloud.gateway.filter.WebsocketRoutingFilter@714bffd5}, order = 2147483646], [GatewayFilterAdapter{delegate=org.springframework.cloud.gateway.filter.NettyRoutingFilter@1827fc4e}, order = 2147483647], [GatewayFilterAdapter{delegate=org.springframework.cloud.gateway.filter.ForwardRoutingFilter@644947ee}, order = 2147483647]]
2026-08-20T11:01:18.654+03:00 DEBUG 22500 --- [api-gateway] [ioEventLoop-5-1] o.s.c.g.f.ratelimit.RedisRateLimiter     : response: Response{allowed=true, headers={X-RateLimit-Remaining=4, X-RateLimit-Requested-Tokens=1, X-RateLimit-Burst-Capacity=5, X-RateLimit-Replenish-Rate=2}, tokensRemaining=-1}
2026-08-20T11:01:18.657+03:00 TRACE 22500 --- [api-gateway] [ioEventLoop-5-1] o.s.c.g.filter.RouteToRequestUrlFilter   : RouteToRequestUrlFilter start
2026-08-20T11:01:18.674+03:00 DEBUG 22500 --- [api-gateway] [ioEventLoop-5-1] g.f.h.o.ObservedRequestHttpHeadersFilter : Will instrument the HTTP request headers [Host:"localhost:8080", User-Agent:"curl/8.14.1", Accept:"*/*", Content-Type:"application/json", Content-Length:"98"]
2026-08-20T11:01:18.678+03:00 DEBUG 22500 --- [api-gateway] [ioEventLoop-5-1] g.f.h.o.ObservedRequestHttpHeadersFilter : Client observation  {name=http.client.requests(null), error=null, context=name='http.client.requests', contextualName='null', error='null', lowCardinalityKeyValues=[http.method='POST', http.status_code='UNKNOWN', spring.cloud.gateway.route.id='code-service', spring.cloud.gateway.route.uri='http://localhost:8084'], highCardinalityKeyValues=[http.uri='http://localhost:8080/api/v1/analyze'], map=[class io.micrometer.core.instrument.LongTaskTimer$Sample='SampleImpl{duration(seconds)=4.8E-4, duration(nanos)=480000.0, startTimeNanos=74056317317000}', class io.micrometer.core.instrument.Timer$Sample='io.micrometer.core.instrument.Timer$Sample@75d0b697'], parentObservation={name=http.server.requests(null), error=null, context=name='http.server.requests', contextualName='null', error='null', lowCardinalityKeyValues=[exception='none', method='POST', outcome='SUCCESS', status='200', uri='UNKNOWN'], highCardinalityKeyValues=[http.url='/api/v1/analyze'], map=[class io.micrometer.core.instrument.LongTaskTimer$Sample='SampleImpl{duration(seconds)=0.1077658, duration(nanos)=1.077658E8, startTimeNanos=74056210105600}', class io.micrometer.core.instrument.Timer$Sample='io.micrometer.core.instrument.Timer$Sample@41acbcc8'], parentObservation=null}} created for the request. New headers are [Host:"localhost:8080", User-Agent:"curl/8.14.1", Accept:"*/*", Content-Type:"application/json", Content-Length:"98"]
2026-08-20T11:01:18.737+03:00 TRACE 22500 --- [api-gateway] [ctor-http-nio-7] o.s.c.gateway.filter.NettyRoutingFilter  : outbound route: 455b1d5a, inbound: [100de517-3] 
2026-08-20T11:01:19.591+03:00 DEBUG 22500 --- [api-gateway] [ctor-http-nio-7] .f.h.o.ObservedResponseHttpHeadersFilter : Will instrument the response
2026-08-20T11:01:19.593+03:00 DEBUG 22500 --- [api-gateway] [ctor-http-nio-7] .f.h.o.ObservedResponseHttpHeadersFilter : The response was handled for observation {name=http.client.requests(null), error=null, context=name='http.client.requests', contextualName='null', error='null', lowCardinalityKeyValues=[http.method='POST', http.status_code='UNKNOWN', spring.cloud.gateway.route.id='code-service', spring.cloud.gateway.route.uri='http://localhost:8084'], highCardinalityKeyValues=[http.uri='http://localhost:8080/api/v1/analyze'], map=[class io.micrometer.core.instrument.LongTaskTimer$Sample='SampleImpl{duration(seconds)=0.9139976, duration(nanos)=9.139976E8, startTimeNanos=74056317317000}', class io.micrometer.core.instrument.Timer$Sample='io.micrometer.core.instrument.Timer$Sample@75d0b697'], parentObservation={name=http.server.requests(null), error=null, context=name='http.server.requests', contextualName='null', error='null', lowCardinalityKeyValues=[exception='none', method='POST', outcome='SUCCESS', status='200', uri='UNKNOWN'], highCardinalityKeyValues=[http.url='/api/v1/analyze'], map=[class io.micrometer.core.instrument.LongTaskTimer$Sample='SampleImpl{duration(seconds)=1.0213358, duration(nanos)=1.0213358E9, startTimeNanos=74056210105600}', class io.micrometer.core.instrument.Timer$Sample='io.micrometer.core.instrument.Timer$Sample@41acbcc8'], parentObservation=null}}
2026-08-20T11:01:19.595+03:00 TRACE 22500 --- [api-gateway] [ctor-http-nio-7] o.s.c.g.filter.NettyWriteResponseFilter  : NettyWriteResponseFilter start inbound: 455b1d5a, outbound: [100de517-3] 
2026-08-20T11:01:19.602+03:00 TRACE 22500 --- [api-gateway] [ctor-http-nio-7] o.s.c.g.filter.GatewayMetricsFilter      : spring.cloud.gateway.requests tags: [tag(httpMethod=POST),tag(httpStatusCode=202),tag(outcome=SUCCESSFUL),tag(routeId=code-service),tag(routeUri=http://localhost:8084),tag(status=ACCEPTED)]
