
  .   ____          _            __ _ _
 /\\ / ___'_ __ _ _(_)_ __  __ _ \ \ \ \
( ( )\___ | '_ | '_| | '_ \/ _` | \ \ \ \
 \\/  ___)| |_)| | | | | || (_| |  ) ) ) )
  '  |____| .__|_| |_|_| |_\__, | / / / /
 =========|_|==============|___/=/_/_/_/

 :: Spring Boot ::                (v4.1.0)

2026-08-20T10:49:14.751+03:00  INFO 5468 --- [ai-service] [           main] c.c.aiservice.AiServiceApplication       : Starting AiServiceApplication v0.0.1-SNAPSHOT using Java 21.0.9 with PID 5468 (C:\Users\deniz.aslan\IdeaProjects\microservices\ai-service\target\ai-service-0.0.1-SNAPSHOT.jar started by deniz.aslan in C:\Users\deniz.aslan\IdeaProjects\microservices\ai-service)
2026-08-20T10:49:14.762+03:00  INFO 5468 --- [ai-service] [           main] c.c.aiservice.AiServiceApplication       : No active profile set, falling back to 1 default profile: "default"
2026-08-20T10:49:16.681+03:00  INFO 5468 --- [ai-service] [           main] .s.d.r.c.RepositoryConfigurationDelegate : Multiple Spring Data modules found, entering strict repository configuration mode
2026-08-20T10:49:16.717+03:00  INFO 5468 --- [ai-service] [           main] .s.d.r.c.RepositoryConfigurationDelegate : Bootstrapping Spring Data JPA repositories in DEFAULT mode.
2026-08-20T10:49:16.947+03:00  INFO 5468 --- [ai-service] [           main] .s.d.r.c.RepositoryConfigurationDelegate : Finished Spring Data repository scanning in 206 ms. Found 1 JPA repository interface.
2026-08-20T10:49:17.018+03:00  INFO 5468 --- [ai-service] [           main] .s.d.r.c.RepositoryConfigurationDelegate : Multiple Spring Data modules found, entering strict repository configuration mode
2026-08-20T10:49:17.020+03:00  INFO 5468 --- [ai-service] [           main] .s.d.r.c.RepositoryConfigurationDelegate : Bootstrapping Spring Data Redis repositories in DEFAULT mode.
2026-08-20T10:49:17.042+03:00  INFO 5468 --- [ai-service] [           main] .RepositoryConfigurationExtensionSupport : Spring Data Redis - Could not safely identify store assignment for repository candidate interface com.codementor.aiservice.repository.AnalysisRepository; If you want this repository to be a Redis repository, consider annotating your entities with one of these annotations: org.springframework.data.redis.core.RedisHash (preferred), or consider extending one of the following types with your repository: org.springframework.data.keyvalue.repository.KeyValueRepository
2026-08-20T10:49:17.044+03:00  INFO 5468 --- [ai-service] [           main] .s.d.r.c.RepositoryConfigurationDelegate : Finished Spring Data repository scanning in 8 ms. Found 0 Redis repository interfaces.
2026-08-20T10:49:18.205+03:00  INFO 5468 --- [ai-service] [           main] o.s.boot.tomcat.TomcatWebServer          : Tomcat initialized with port 8083 (http)
2026-08-20T10:49:18.247+03:00  INFO 5468 --- [ai-service] [           main] o.apache.catalina.core.StandardService   : Starting service [Tomcat]
2026-08-20T10:49:18.248+03:00  INFO 5468 --- [ai-service] [           main] o.apache.catalina.core.StandardEngine    : Starting Servlet engine: [Apache Tomcat/11.0.22]
2026-08-20T10:49:18.285+03:00  INFO 5468 --- [ai-service] [           main] b.w.c.s.WebApplicationContextInitializer : Root WebApplicationContext: initialization completed in 3417 ms
2026-08-20T10:49:18.701+03:00  INFO 5468 --- [ai-service] [           main] org.hibernate.orm.jpa                    : HHH008540: Processing PersistenceUnitInfo [name: default]
2026-08-20T10:49:18.884+03:00  INFO 5468 --- [ai-service] [           main] org.hibernate.orm.core                   : HHH000001: Hibernate ORM core version 7.4.1.Final
2026-08-20T10:49:20.888+03:00  INFO 5468 --- [ai-service] [           main] o.s.o.j.p.SpringPersistenceUnitInfo      : No LoadTimeWeaver setup: ignoring JPA class transformer
2026-08-20T10:49:21.022+03:00  INFO 5468 --- [ai-service] [           main] com.zaxxer.hikari.HikariDataSource       : HikariPool-1 - Starting...
2026-08-20T10:49:22.231+03:00  INFO 5468 --- [ai-service] [           main] com.zaxxer.hikari.pool.HikariPool        : HikariPool-1 - Added connection com.p6spy.engine.wrapper.ConnectionWrapper@552ffa44
2026-08-20T10:49:22.269+03:00  INFO 5468 --- [ai-service] [           main] com.zaxxer.hikari.HikariDataSource       : HikariPool-1 - Start completed.
2026-08-20T10:49:22.362+03:00  WARN 5468 --- [ai-service] [           main] org.hibernate.orm.deprecation            : HHH90000025: PostgreSQLDialect does not need to be specified explicitly using 'hibernate.dialect' (remove the property setting and it will be selected by default)
2026-08-20T10:49:22.550+03:00  INFO 5468 --- [ai-service] [           main] org.hibernate.orm.connections.pooling    : HHH10001005: Database info:
	Database JDBC URL [jdbc:postgresql://localhost:5432/code_analysis_db]
	Database driver: PostgreSQL JDBC Driver
	Database dialect: PostgreSQLDialect
	Database version: 16.15
	Default catalog/schema: code_analysis_db/public
	Autocommit mode: undefined/unknown
	Isolation level: READ_COMMITTED [default READ_COMMITTED]
	JDBC fetch size: none
	Pool: DataSourceConnectionProvider
	Minimum pool size: undefined/unknown
	Maximum pool size: undefined/unknown
2026-08-20T10:49:26.502+03:00  INFO 5468 --- [ai-service] [           main] org.hibernate.orm.core                   : HHH000489: No JTA platform available (set 'hibernate.transaction.jta.platform' to enable JTA platform integration)
2026-08-20T10:49:26.627+03:00  INFO 5468 --- [ai-service] [           main] p6spy                                    : %effectiveSql
2026-08-20T10:49:26.682+03:00  INFO 5468 --- [ai-service] [           main] j.LocalContainerEntityManagerFactoryBean : Initialized JPA EntityManagerFactory for persistence unit 'default'
2026-08-20T10:49:27.773+03:00  INFO 5468 --- [ai-service] [           main] o.s.d.j.r.query.QueryEnhancerFactories   : Hibernate is in classpath; If applicable, HQL parser will be used.
2026-08-20T10:49:28.143+03:00  WARN 5468 --- [ai-service] [           main] JpaBaseConfiguration$JpaWebConfiguration : spring.jpa.open-in-view is enabled by default. Therefore, database queries may be performed during view rendering. Explicitly configure spring.jpa.open-in-view to disable this warning
2026-08-20T10:49:30.002+03:00  INFO 5468 --- [ai-service] [           main] o.s.boot.tomcat.TomcatWebServer          : Tomcat started on port 8083 (http) with context path '/'
2026-08-20T10:49:30.023+03:00  INFO 5468 --- [ai-service] [           main] o.s.a.r.c.CachingConnectionFactory       : Attempting to connect to: [localhost:5672]
2026-08-20T10:49:30.122+03:00  INFO 5468 --- [ai-service] [           main] o.s.a.r.c.CachingConnectionFactory       : Created new connection: rabbitConnectionFactory#7da70124:0/SimpleConnection@635f4be1 [delegate=amqp://guest@127.0.0.1:5672/, localPort=59008]
2026-08-20T10:49:30.224+03:00  INFO 5468 --- [ai-service] [           main] c.c.aiservice.AiServiceApplication       : Started AiServiceApplication in 16.522 seconds (process running for 17.628)
2026-08-20T11:00:45.938+03:00  INFO 5468 --- [ai-service] [nio-8083-exec-1] o.a.c.c.C.[Tomcat].[localhost].[/]       : Initializing Spring DispatcherServlet 'dispatcherServlet'
2026-08-20T11:00:45.971+03:00  INFO 5468 --- [ai-service] [nio-8083-exec-1] o.s.web.servlet.DispatcherServlet        : Initializing Servlet 'dispatcherServlet'
2026-08-20T11:00:45.973+03:00  INFO 5468 --- [ai-service] [nio-8083-exec-1] o.s.web.servlet.DispatcherServlet        : Completed initialization in 1 ms
? [ai-service] Kuyruktan mesaj alýndý! Task ID: 2306fea3-0ea9-40e3-8db2-733ad6d21646
2026-08-20T11:01:20.224+03:00  INFO 5468 --- [ai-service] [ntContainer#0-1] p6spy                                    : %effectiveSql
2026-08-20T11:01:20.245+03:00  INFO 5468 --- [ai-service] [ntContainer#0-1] p6spy                                    : %effectiveSql
2026-08-20T11:01:20.267+03:00  INFO 5468 --- [ai-service] [ntContainer#0-1] p6spy                                    : %effectiveSql
2026-08-20T11:01:20.284+03:00  INFO 5468 --- [ai-service] [ntContainer#0-1] p6spy                                    : %effectiveSql
2026-08-20T11:01:20.285+03:00  INFO 5468 --- [ai-service] [ntContainer#0-1] p6spy                                    : %effectiveSql
2026-08-20T11:01:20.316+03:00  INFO 5468 --- [ai-service] [ntContainer#0-1] p6spy                                    : %effectiveSql
2026-08-20T11:01:20.326+03:00  INFO 5468 --- [ai-service] [ntContainer#0-1] p6spy                                    : %effectiveSql
? [ai-service] Task durmu PROCESSING olarak güncellendi. Task ID: 2306fea3-0ea9-40e3-8db2-733ad6d21646
2026-08-20T11:01:23.347+03:00  INFO 5468 --- [ai-service] [ntContainer#0-1] p6spy                                    : %effectiveSql
2026-08-20T11:01:23.348+03:00  INFO 5468 --- [ai-service] [ntContainer#0-1] p6spy                                    : %effectiveSql
2026-08-20T11:01:23.381+03:00  INFO 5468 --- [ai-service] [ntContainer#0-1] p6spy                                    : %effectiveSql
2026-08-20T11:01:23.384+03:00  INFO 5468 --- [ai-service] [ntContainer#0-1] p6spy                                    : %effectiveSql
2026-08-20T11:01:23.385+03:00  INFO 5468 --- [ai-service] [ntContainer#0-1] p6spy                                    : %effectiveSql
2026-08-20T11:01:23.387+03:00  INFO 5468 --- [ai-service] [ntContainer#0-1] p6spy                                    : %effectiveSql
2026-08-20T11:01:23.390+03:00  INFO 5468 --- [ai-service] [ntContainer#0-1] p6spy                                    : %effectiveSql
? [ai-service] Analiz tamamlandý. Task ID: 2306fea3-0ea9-40e3-8db2-733ad6d21646
