  .   ____          _            __ _ _
 /\\ / ___'_ __ _ _(_)_ __  __ _ \ \ \ \
( ( )\___ | '_ | '_| | '_ \/ _` | \ \ \ \
 \\/  ___)| |_)| | | | | || (_| |  ) ) ) )
  '  |____| .__|_| |_|_| |_\__, | / / / /
 =========|_|==============|___/=/_/_/_/

 :: Spring Boot ::                (v3.3.0)

2026-08-20T10:49:14.571+03:00  INFO 10096 --- [code-service] [           main] c.c.codeservice.CodeServiceApplication   : Starting CodeServiceApplication v0.0.1-SNAPSHOT using Java 21.0.9 with PID 10096 (C:\Users\deniz.aslan\IdeaProjects\microservices\code-service\target\code-service-0.0.1-SNAPSHOT.jar started by deniz.aslan in C:\Users\deniz.aslan\IdeaProjects\microservices\code-service)
2026-08-20T10:49:14.578+03:00  INFO 10096 --- [code-service] [           main] c.c.codeservice.CodeServiceApplication   : No active profile set, falling back to 1 default profile: "default"
2026-08-20T10:49:16.926+03:00  INFO 10096 --- [code-service] [           main] .s.d.r.c.RepositoryConfigurationDelegate : Multiple Spring Data modules found, entering strict repository configuration mode
2026-08-20T10:49:16.929+03:00  INFO 10096 --- [code-service] [           main] .s.d.r.c.RepositoryConfigurationDelegate : Bootstrapping Spring Data JPA repositories in DEFAULT mode.
2026-08-20T10:49:17.153+03:00  INFO 10096 --- [code-service] [           main] .s.d.r.c.RepositoryConfigurationDelegate : Finished Spring Data repository scanning in 210 ms. Found 2 JPA repository interfaces.
2026-08-20T10:49:17.188+03:00  INFO 10096 --- [code-service] [           main] .s.d.r.c.RepositoryConfigurationDelegate : Multiple Spring Data modules found, entering strict repository configuration mode
2026-08-20T10:49:17.190+03:00  INFO 10096 --- [code-service] [           main] .s.d.r.c.RepositoryConfigurationDelegate : Bootstrapping Spring Data Redis repositories in DEFAULT mode.
2026-08-20T10:49:17.206+03:00  INFO 10096 --- [code-service] [           main] .RepositoryConfigurationExtensionSupport : Spring Data Redis - Could not safely identify store assignment for repository candidate interface com.codementor.codeservice.repository.AnalysisRepository; If you want this repository to be a Redis repository, consider annotating your entities with one of these annotations: org.springframework.data.redis.core.RedisHash (preferred), or consider extending one of the following types with your repository: org.springframework.data.keyvalue.repository.KeyValueRepository
2026-08-20T10:49:17.208+03:00  INFO 10096 --- [code-service] [           main] .RepositoryConfigurationExtensionSupport : Spring Data Redis - Could not safely identify store assignment for repository candidate interface com.codementor.codeservice.repository.AnalysisTaskRepository; If you want this repository to be a Redis repository, consider annotating your entities with one of these annotations: org.springframework.data.redis.core.RedisHash (preferred), or consider extending one of the following types with your repository: org.springframework.data.keyvalue.repository.KeyValueRepository
2026-08-20T10:49:17.208+03:00  INFO 10096 --- [code-service] [           main] .s.d.r.c.RepositoryConfigurationDelegate : Finished Spring Data repository scanning in 6 ms. Found 0 Redis repository interfaces.
2026-08-20T10:49:18.348+03:00  INFO 10096 --- [code-service] [           main] o.s.b.w.embedded.tomcat.TomcatWebServer  : Tomcat initialized with port 8084 (http)
2026-08-20T10:49:18.369+03:00  INFO 10096 --- [code-service] [           main] o.apache.catalina.core.StandardService   : Starting service [Tomcat]
2026-08-20T10:49:18.370+03:00  INFO 10096 --- [code-service] [           main] o.apache.catalina.core.StandardEngine    : Starting Servlet engine: [Apache Tomcat/10.1.24]
2026-08-20T10:49:18.434+03:00  INFO 10096 --- [code-service] [           main] o.a.c.c.C.[Tomcat].[localhost].[/]       : Initializing Spring embedded WebApplicationContext
2026-08-20T10:49:18.438+03:00  INFO 10096 --- [code-service] [           main] w.s.c.ServletWebServerApplicationContext : Root WebApplicationContext: initialization completed in 3704 ms
2026-08-20T10:49:18.776+03:00  INFO 10096 --- [code-service] [           main] o.hibernate.jpa.internal.util.LogHelper  : HHH000204: Processing PersistenceUnitInfo [name: default]
2026-08-20T10:49:19.065+03:00  INFO 10096 --- [code-service] [           main] org.hibernate.Version                    : HHH000412: Hibernate ORM core version 6.5.2.Final
2026-08-20T10:49:19.335+03:00  INFO 10096 --- [code-service] [           main] o.h.c.internal.RegionFactoryInitiator    : HHH000026: Second-level cache disabled
2026-08-20T10:49:20.618+03:00  INFO 10096 --- [code-service] [           main] o.s.o.j.p.SpringPersistenceUnitInfo      : No LoadTimeWeaver setup: ignoring JPA class transformer
2026-08-20T10:49:20.709+03:00  INFO 10096 --- [code-service] [           main] com.zaxxer.hikari.HikariDataSource       : HikariPool-1 - Starting...
2026-08-20T10:49:21.694+03:00  INFO 10096 --- [code-service] [           main] com.zaxxer.hikari.pool.HikariPool        : HikariPool-1 - Added connection com.p6spy.engine.wrapper.ConnectionWrapper@73ddb7ef
2026-08-20T10:49:21.700+03:00  INFO 10096 --- [code-service] [           main] com.zaxxer.hikari.HikariDataSource       : HikariPool-1 - Start completed.
2026-08-20T10:49:21.835+03:00  WARN 10096 --- [code-service] [           main] org.hibernate.orm.deprecation            : HHH90000025: PostgreSQLDialect does not need to be specified explicitly using 'hibernate.dialect' (remove the property setting and it will be selected by default)
2026-08-20T10:49:25.654+03:00  INFO 10096 --- [code-service] [           main] o.h.e.t.j.p.i.JtaPlatformInitiator       : HHH000489: No JTA platform available (set 'hibernate.transaction.jta.platform' to enable JTA platform integration)
2026-08-20T10:49:25.730+03:00  INFO 10096 --- [code-service] [           main] p6spy                                    : %effectiveSql
2026-08-20T10:49:25.783+03:00  INFO 10096 --- [code-service] [           main] p6spy                                    : %effectiveSql
2026-08-20T10:49:25.789+03:00  INFO 10096 --- [code-service] [           main] p6spy                                    : %effectiveSql
2026-08-20T10:49:25.796+03:00  INFO 10096 --- [code-service] [           main] p6spy                                    : %effectiveSql
2026-08-20T10:49:25.802+03:00  INFO 10096 --- [code-service] [           main] p6spy                                    : %effectiveSql
2026-08-20T10:49:25.807+03:00  INFO 10096 --- [code-service] [           main] p6spy                                    : %effectiveSql
2026-08-20T10:49:25.813+03:00  INFO 10096 --- [code-service] [           main] j.LocalContainerEntityManagerFactoryBean : Initialized JPA EntityManagerFactory for persistence unit 'default'
2026-08-20T10:49:28.190+03:00  WARN 10096 --- [code-service] [           main] JpaBaseConfiguration$JpaWebConfiguration : spring.jpa.open-in-view is enabled by default. Therefore, database queries may be performed during view rendering. Explicitly configure spring.jpa.open-in-view to disable this warning
2026-08-20T10:49:29.529+03:00  INFO 10096 --- [code-service] [           main] o.s.b.w.embedded.tomcat.TomcatWebServer  : Tomcat started on port 8084 (http) with context path '/'
2026-08-20T10:49:29.551+03:00  INFO 10096 --- [code-service] [           main] c.c.codeservice.CodeServiceApplication   : Started CodeServiceApplication in 16.11 seconds (process running for 17.081)
2026-08-20T11:00:46.233+03:00  INFO 10096 --- [code-service] [nio-8084-exec-1] o.a.c.c.C.[Tomcat].[localhost].[/]       : Initializing Spring DispatcherServlet 'dispatcherServlet'
2026-08-20T11:00:46.234+03:00  INFO 10096 --- [code-service] [nio-8084-exec-1] o.s.web.servlet.DispatcherServlet        : Initializing Servlet 'dispatcherServlet'
2026-08-20T11:00:46.235+03:00  INFO 10096 --- [code-service] [nio-8084-exec-1] o.s.web.servlet.DispatcherServlet        : Completed initialization in 1 ms
2026-08-20T11:01:18.887+03:00  INFO 10096 --- [code-service] [nio-8084-exec-3] p6spy                                    : %effectiveSql
2026-08-20T11:01:18.933+03:00  INFO 10096 --- [code-service] [nio-8084-exec-3] p6spy                                    : %effectiveSql
2026-08-20T11:01:18.941+03:00  INFO 10096 --- [code-service] [nio-8084-exec-3] p6spy                                    : %effectiveSql
[TransactionalEventListener] Publishing task to RabbitMQ: 2306fea3-0ea9-40e3-8db2-733ad6d21646
2026-08-20T11:01:19.436+03:00  INFO 10096 --- [code-service] [nio-8084-exec-3] o.s.a.r.c.CachingConnectionFactory       : Attempting to connect to: [localhost:5672]
2026-08-20T11:01:19.513+03:00  INFO 10096 --- [code-service] [nio-8084-exec-3] o.s.a.r.c.CachingConnectionFactory       : Created new connection: rabbitConnectionFactory#6ca9ec77:0/SimpleConnection@6cecbe35 [delegate=amqp://guest@127.0.0.1:5672/, localPort=60661]
